[Part] CompositionTests.Tests.CompositionTest+TestingPart from: AssemblyCatalog (Assembly="CompositionTests.Tests, Culture=neutral")
  [Export] CompositionTests.Tests.CompositionTest+TestingPart (ContractName="CompositionTests.Tests.CompositionTest+TestingPart")

