[Part] CompositionTests.Tests.CompositionTest+TestingPart from: AssemblyCatalog (Assembly="CompositionTests.Tests, Culture=neutral")
  [Primary Rejection]
  [Export] CompositionTests.Tests.CompositionTest+TestingPart (ContractName="CompositionTests.Tests.CompositionTest+TestingPart")
  [Import] CompositionTests.Tests.CompositionTest+TestingPart.MyProperty (ContractName="System.Int32")
    [Exception] System.ComponentModel.Composition.ImportCardinalityMismatchException: No exports were found that match the constraint: 
    ContractName    System.Int32
    RequiredTypeIdentity    System.Int32
   at System.ComponentModel.Composition.Hosting.ExportProvider.GetExports(ImportDefinition definition, AtomicComposition atomicComposition)
   at System.ComponentModel.Composition.Hosting.ExportProvider.GetExports(ImportDefinition definition)
   at Microsoft.ComponentModel.Composition.Diagnostics.CompositionInfo.AnalyzeImportDefinition(ExportProvider host, IEnumerable`1 availableParts, ImportDefinition id)

[Part] CompositionTests.Tests.FileRemover from: AssemblyCatalog (Assembly="CompositionTests.Tests, Culture=neutral")
  [Export] CompositionTests.Tests.FileRemover (ContractName="CompositionTests.Tests.IRemoveFiles")

