System.InvalidOperationException: This is an inner exception.
