[Part] CompositionTests.Tests.FileRemover from: TypeCatalog (Types='CompositionTests.Tests.FileRemover').
  [Export] CompositionTests.Tests.FileRemover (ContractName="CompositionTests.Tests.IRemoveFiles")

